Talentely tests logs



email : 20cs008@kcgcollege.com
Test Name : Statements and Conclusions_Level_2_test_1
Test Duration : ['20', '00']
Start Time : 26/07/2023 05:57:13

email : 20cs008@kcgcollege.com
Test Name : Statements and Conclusions_Level_2_test_1
Test Duration : ['20', '00']
Start Time : 26/07/2023 05:59:29

email : 20cs008@kcgcollege.com
Test Name : Statements and Conclusions_Level_2_test_1
Test Duration : ['20', '00']
Start Time : 26/07/2023 06:00:43

email : 20cs008@kcgcollege.com
Test Name : Statements and Conclusions_Level_2_test_1
Test Duration : ['20', '00']
Start Time : 26/07/2023 06:02:29

email : 20cs008@kcgcollege.com
Test Name : 2D_Level_0
Test Duration : ['00', '00']
Start Time : 26/07/2023 07:30:36

email : 20cs008@kcgcollege.com
Test Name : Rearranging words_Level_1_test_1
Test Duration : ['20', '00']
Start Time : 26/07/2023 07:33:39
TEST ERROR : Ended at 26/07/2023 07:54:29


email : 20cs008@kcgcollege.com
Test Name : Partnership_Level_1_test 1
Test Duration : ['20', '00']
Start Time : 26/07/2023 07:54:38
