Talentely tests logs



email : 20cs008@kcgcollege.com
Test Name : Mensuration_Level_1_test 1
Test Duration : ['20', '00']
Start Time : 23/07/2023 08:27:33
End Time : 23/07/2023 08:27:46


email : 20cs008@kcgcollege.com
Test Name : Mensuration_Level_2_test 2
Test Duration : ['20', '00']
Start Time : 23/07/2023 08:27:56
End Time : 23/07/2023 08:28:10


email : 20cs008@kcgcollege.com
Test Name : Geometry_Level_1_test 2
Test Duration : ['20', '00']
Start Time : 23/07/2023 08:28:20
End Time : 23/07/2023 08:28:34


email : 20cs008@kcgcollege.com
Test Name : Paper Folding_Level_2_test_1
Test Duration : ['20', '00']
Start Time : 23/07/2023 08:28:44
End Time : 23/07/2023 08:28:58


email : 20cs008@kcgcollege.com
Test Name : 2D_Level_0
Test Duration : ['00', '00']
Start Time : 23/07/2023 08:29:08
End Time : 23/07/2023 08:29:21


email : 20cs008@kcgcollege.com
Test Name : upd_2D_Level_2
Test Duration : ['00', '00']
Start Time : 23/07/2023 08:29:31
End Time : 23/07/2023 08:29:45


email : 20cs008@kcgcollege.com
Test Name : Ratio and Proportion_Level_1_Test 1
Test Duration : ['20', '00']
Start Time : 23/07/2023 08:29:55
End Time : 23/07/2023 08:30:09


email : 20cs008@kcgcollege.com
Test Name : Ratio and Proportion_Level_3_Test 1
Test Duration : ['20', '00']
Start Time : 23/07/2023 08:30:19
End Time : 23/07/2023 08:30:33


email : 20cs008@kcgcollege.com
Test Name : Ratio and Proportion_Level_2_Test 1
Test Duration : ['20', '00']
Start Time : 23/07/2023 08:30:43
End Time : 23/07/2023 08:30:56


email : 20cs008@kcgcollege.com
Test Name : cube and cuboids_level_2_test 1
Test Duration : ['20', '00']
Start Time : 23/07/2023 08:31:06
End Time : 23/07/2023 08:31:20


email : 20cs008@kcgcollege.com
Test Name : cube and cuboids_level_1_test 1
Test Duration : ['20', '00']
Start Time : 23/07/2023 08:31:30
End Time : 23/07/2023 08:31:44


email : 20cs008@kcgcollege.com
Test Name : Number Puzzles_Level_2_test_1
Test Duration : ['20', '00']
Start Time : 23/07/2023 08:31:54
End Time : 23/07/2023 08:32:08


email : 20cs008@kcgcollege.com
Test Name : Idioms and phrases_level_1_test 1
Test Duration : ['20', '00']
Start Time : 23/07/2023 08:32:18
End Time : 23/07/2023 08:32:32


email : 20cs008@kcgcollege.com
Test Name : Idioms and phrases_level_2_test 1
Test Duration : ['20', '00']
Start Time : 23/07/2023 08:32:42
End Time : 23/07/2023 08:32:56


email : 20cs008@kcgcollege.com
Test Name : Biwise_Level_1
Test Duration : ['00', '00']
Start Time : 23/07/2023 08:33:06
End Time : 23/07/2023 08:33:19


email : 20cs008@kcgcollege.com
Test Name : Sequence and Series_Level_1_test 1
Test Duration : ['20', '00']
Start Time : 23/07/2023 08:33:29
End Time : 23/07/2023 08:33:43


email : 20cs008@kcgcollege.com
Test Name : Mixture and Alligation_Level_1_test 1
Test Duration : ['20', '00']
Start Time : 23/07/2023 08:33:53
End Time : 23/07/2023 08:34:06


email : 20cs008@kcgcollege.com
Test Name : Mixture and Alligation_Level_1_test 2
Test Duration : ['20', '00']
Start Time : 23/07/2023 08:34:16
End Time : 23/07/2023 08:34:30


email : 20cs008@kcgcollege.com
Test Name : Mixture and Alligation_Level_3_test 1
Test Duration : ['20', '00']
Start Time : 23/07/2023 08:34:41
End Time : 23/07/2023 08:34:55


email : 20cs008@kcgcollege.com
Test Name : Mixture and Alligation_Level_2_test 1
Test Duration : ['20', '00']
Start Time : 23/07/2023 08:35:05
End Time : 23/07/2023 08:35:19


email : 20cs008@kcgcollege.com
Test Name : dices and cubes_level_2_test 1
Test Duration : ['20', '00']
Start Time : 23/07/2023 08:35:29
End Time : 23/07/2023 08:35:42


email : 20cs008@kcgcollege.com
Test Name : graph chart_level_2_test 1
Test Duration : ['00', '00']
Start Time : 23/07/2023 08:35:52
TEST ERROR : Ended at 23/07/2023 08:35:59


email : 20cs008@kcgcollege.com
Test Name : Grammatical error_level_1_test_1
Test Duration : ['20', '00']
Start Time : 23/07/2023 08:36:09
End Time : 23/07/2023 08:36:23


email : 20cs008@kcgcollege.com
Test Name : Sentence Correction_level_2_test 1
Test Duration : ['00', '00']
Start Time : 23/07/2023 08:36:32
TEST ERROR : Ended at 23/07/2023 08:36:39


email : 20cs008@kcgcollege.com
Test Name : String_Level_2
Test Duration : ['01', '30', '00']
Start Time : 23/07/2023 08:36:49
End Time : 23/07/2023 08:37:03


email : 20cs008@kcgcollege.com
Test Name : Races and Games_Level_1_test 1
Test Duration : ['20', '00']
Start Time : 23/07/2023 08:37:13
End Time : 23/07/2023 08:37:26


email : 20cs008@kcgcollege.com
Test Name : Chain Rule_Level_1_test 1
Test Duration : ['20', '00']
Start Time : 23/07/2023 08:37:36
End Time : 23/07/2023 08:37:50


email : 20cs008@kcgcollege.com
Test Name : Chain Rule_Level_1_test 2
Test Duration : ['20', '00']
Start Time : 23/07/2023 08:38:00
End Time : 23/07/2023 08:38:14


email : 20cs008@kcgcollege.com
Test Name : Statement and assumption_level_2_test 1
Test Duration : ['20', '00']
Start Time : 23/07/2023 08:38:24
End Time : 23/07/2023 08:38:37


email : 20cs008@kcgcollege.com
Test Name : Statement and Assumption_Level_3_Test_1
Test Duration : ['20', '00']
Start Time : 23/07/2023 08:38:47
End Time : 23/07/2023 08:39:01


email : 20cs008@kcgcollege.com
Test Name : image based problems_level_2_test_1
Test Duration : ['20', '00']
Start Time : 23/07/2023 08:39:11
End Time : 23/07/2023 08:39:25


email : 20cs008@kcgcollege.com
Test Name : Paper cutting_level_2_test 1
Test Duration : ['20', '00']
Start Time : 23/07/2023 08:39:35
End Time : 23/07/2023 08:39:49


email : 20cs008@kcgcollege.com
Test Name : Sentence selection_level_1_test_1
Test Duration : ['20', '00']
Start Time : 23/07/2023 08:39:59
End Time : 23/07/2023 08:40:12


email : 20cs008@kcgcollege.com
Test Name : Sentence selection_level_2_test_1
Test Duration : ['20', '00']
Start Time : 23/07/2023 08:40:22
End Time : 23/07/2023 08:40:36


email : 20cs008@kcgcollege.com
Test Name : String_Level_1
Test Duration : ['02', '30', '00']
Start Time : 23/07/2023 08:40:46
End Time : 23/07/2023 08:41:00


email : 20cs008@kcgcollege.com
Test Name : Heights and distance_Level_1_test 1
Test Duration : ['20', '00']
Start Time : 23/07/2023 08:41:10
End Time : 23/07/2023 08:41:24


email : 20cs008@kcgcollege.com
Test Name : Surds and Indices_Level_1_test 1
Test Duration : ['20', '00']
Start Time : 23/07/2023 08:41:33
End Time : 23/07/2023 08:41:47


email : 20cs008@kcgcollege.com
Test Name : Surds and Indices_Level_1_test 2
Test Duration : ['20', '00']
Start Time : 23/07/2023 08:41:57
End Time : 23/07/2023 08:42:11


email : 20cs008@kcgcollege.com
Test Name : Statements and Conclusions_Level_1_test_1
Test Duration : ['20', '00']
Start Time : 23/07/2023 08:42:21
End Time : 23/07/2023 08:42:35


email : 20cs008@kcgcollege.com
Test Name : Statements and Conclusions_Level_2_test_1
Test Duration : ['20', '00']
Start Time : 23/07/2023 08:42:45
End Time : 23/07/2023 08:42:59


email : 20cs008@kcgcollege.com
Test Name : Statement and Conclusion_Level_3_Test_1
Test Duration : ['20', '00']
Start Time : 23/07/2023 08:43:09
End Time : 23/07/2023 08:43:22


email : 20cs008@kcgcollege.com
Test Name : Course of action_level_2_test 1
Test Duration : ['20', '00']
Start Time : 23/07/2023 08:43:32
End Time : 23/07/2023 08:43:46


email : 20cs008@kcgcollege.com
Test Name : Passage comprehensive_level_1_test_1
Test Duration : ['20', '00']
Start Time : 23/07/2023 08:43:56

email : 20cs008@kcgcollege.com
Test Name : Passage comprehensive_level_1_test_1
Test Duration : ['20', '00']
Start Time : 23/07/2023 08:46:56

email : 20cs008@kcgcollege.com
Test Name : Course of action_level_2_test 1
Test Duration : ['20', '00']
Start Time : 23/07/2023 08:56:27
End Time : 23/07/2023 08:56:40


email : 20cs008@kcgcollege.com
Test Name : Passage comprehensive_level_1_test_1
Test Duration : ['20', '00']
Start Time : 23/07/2023 08:56:50
End Time : 23/07/2023 08:57:04


email : 20cs008@kcgcollege.com
Test Name : Articles level_1_test_1
Test Duration : ['20', '00']
Start Time : 23/07/2023 08:57:14
End Time : 23/07/2023 08:57:28


email : 20cs008@kcgcollege.com
Test Name : Array_Level_1
Test Duration : ['02', '00', '00']
Start Time : 23/07/2023 08:57:38
End Time : 23/07/2023 08:57:52


email : 20cs008@kcgcollege.com
Test Name : Clocks_Level_1_test 1
Test Duration : ['20', '00']
Start Time : 23/07/2023 08:58:02
End Time : 23/07/2023 08:58:16


email : 20cs008@kcgcollege.com
Test Name : Clocks_level_2_test 1
Test Duration : ['20', '00']
Start Time : 23/07/2023 08:58:26
TEST ERROR : Ended at 23/07/2023 08:58:33


email : 20cs008@kcgcollege.com
Test Name : Calendar_Level_1_test 1
Test Duration : ['20', '00']
Start Time : 23/07/2023 08:58:42
End Time : 23/07/2023 08:58:56


email : 20cs008@kcgcollege.com
Test Name : Odd man out_Level_1_test_1
Test Duration : ['15', '00']
Start Time : 23/07/2023 08:59:06
End Time : 23/07/2023 08:59:20


email : 20cs008@kcgcollege.com
Test Name : Odd man out_Level_2_test_1
Test Duration : ['20', '00']
Start Time : 23/07/2023 08:59:30
End Time : 23/07/2023 08:59:43


email : 20cs008@kcgcollege.com
Test Name : Odd man out_Level_1_test_2
Test Duration : ['20', '00']
Start Time : 23/07/2023 08:59:53
End Time : 23/07/2023 09:00:07


email : 20cs008@kcgcollege.com
Test Name : Fill in the blanks_level_1_test_1
Test Duration : ['20', '00']
Start Time : 23/07/2023 09:00:17
End Time : 23/07/2023 09:00:31


email : 20cs008@kcgcollege.com
Test Name : Fill in the blanks_level_1_test_2
Test Duration : ['00', '00']
Start Time : 23/07/2023 09:00:41
TEST ERROR : Ended at 23/07/2023 09:00:48


email : 20cs008@kcgcollege.com
Test Name : Array_Level_0
Test Duration : ['01', '30', '00']
Start Time : 23/07/2023 09:00:57
End Time : 23/07/2023 09:01:11


email : 20cs008@kcgcollege.com
Test Name : Algebra_Level_1_test 1
Test Duration : ['20', '00']
Start Time : 23/07/2023 09:01:21
TEST ERROR : Ended at 23/07/2023 09:01:28


email : 20cs008@kcgcollege.com
Test Name : Algebra_Level_2_test 1
Test Duration : ['20', '00']
Start Time : 23/07/2023 09:03:42
End Time : 23/07/2023 09:03:56


email : 20cs008@kcgcollege.com
Test Name : Simple Interest and Compound Interest_Level_1_Test 1
Test Duration : ['20', '00']
Start Time : 23/07/2023 09:04:06
End Time : 23/07/2023 09:04:20


email : 20cs008@kcgcollege.com
Test Name : Functions_Level_1_test_1
Test Duration : ['20', '00']
Start Time : 23/07/2023 09:04:30
End Time : 23/07/2023 09:04:44


email : 20cs008@kcgcollege.com
Test Name : Rearranging words_Level_1_test_1
Test Duration : ['20', '00']
Start Time : 23/07/2023 09:04:53
End Time : 23/07/2023 09:05:07


email : 20cs008@kcgcollege.com
Test Name : Function_Level_1
Test Duration : ['01', '30', '00']
Start Time : 23/07/2023 09:05:17
End Time : 23/07/2023 09:05:31


email : 20cs008@kcgcollege.com
Test Name : Function_Level_2
Test Duration : ['00', '00']
Start Time : 23/07/2023 09:05:41
End Time : 23/07/2023 09:05:55


email : 20cs008@kcgcollege.com
Test Name : Partnership_Level_1_test 1
Test Duration : ['20', '00']
Start Time : 23/07/2023 09:06:04
End Time : 23/07/2023 09:06:18


email : 20cs008@kcgcollege.com
Test Name : Partnership_Level_3_test 1
Test Duration : ['20', '00']
Start Time : 23/07/2023 09:06:28
End Time : 23/07/2023 09:06:42


email : 20cs008@kcgcollege.com
Test Name : Data Arrangement_Level_1_Test 1
Test Duration : ['20', '00']
Start Time : 23/07/2023 09:06:52
End Time : 23/07/2023 09:07:05


email : 20cs008@kcgcollege.com
Test Name : data arrangement_level_2_test 1
Test Duration : ['20', '00']
Start Time : 23/07/2023 09:07:15

email : 20cs008@kcgcollege.com
Test Name : data arrangement_level_2_test 1
Test Duration : ['20', '00']
Start Time : 23/07/2023 09:21:05

email : 20cs008@kcgcollege.com
Test Name : data arrangement_level_2_test 1
Test Duration : ['20', '00']
Start Time : 23/07/2023 09:22:36

email : 20cs008@kcgcollege.com
Test Name : data arrangement_level_2_test 1
Test Duration : ['20', '00']
Start Time : 23/07/2023 09:26:04

email : 20cs008@kcgcollege.com
Test Name : data arrangement_level_2_test 1
Test Duration : ['20', '00']
Start Time : 23/07/2023 09:54:32
End Time : 23/07/2023 09:54:52


email : 20cs008@kcgcollege.com
Test Name : data arrangement_level_2_test 2
Test Duration : ['20', '00']
Start Time : 23/07/2023 09:55:02
End Time : 23/07/2023 09:55:15


email : 20cs008@kcgcollege.com
Test Name : Data Arrangement_Level_1_Test 2
Test Duration : ['20', '00']
Start Time : 23/07/2023 09:55:25
End Time : 23/07/2023 09:55:39


email : 20cs008@kcgcollege.com
Test Name : Sentence Improvement_Level_1_Test 2
Test Duration : ['20', '00']
Start Time : 23/07/2023 09:55:49
End Time : 23/07/2023 09:56:03


email : 20cs008@kcgcollege.com
Test Name : Sentence Improvement_Level_2_Test 1
Test Duration : ['20', '00']
Start Time : 23/07/2023 09:56:13
End Time : 23/07/2023 09:56:27


email : 20cs008@kcgcollege.com
Test Name : Function_Level_0
Test Duration : ['01', '30', '00']
Start Time : 23/07/2023 09:56:37
End Time : 23/07/2023 09:56:50


email : 20cs008@kcgcollege.com
Test Name : Probability_Level_1_test 1
Test Duration : ['20', '00']
Start Time : 23/07/2023 09:57:00
End Time : 23/07/2023 09:57:14


email : 20cs008@kcgcollege.com
Test Name : Probability_Level_1_test 2
Test Duration : ['20', '00']
Start Time : 23/07/2023 09:57:24
End Time : 23/07/2023 09:57:38


email : 20cs008@kcgcollege.com
Test Name : Probability_Level_1_test 3
Test Duration : ['20', '00']
Start Time : 23/07/2023 09:57:48
End Time : 23/07/2023 09:58:01


email : 20cs008@kcgcollege.com
Test Name : Probability_Level_3_test 1
Test Duration : ['20', '00']
Start Time : 23/07/2023 09:58:11
End Time : 23/07/2023 09:58:25


email : 20cs008@kcgcollege.com
Test Name : Probability_Level_2_test 1
Test Duration : ['20', '00']
Start Time : 23/07/2023 09:58:35
End Time : 23/07/2023 09:58:49


email : 20cs008@kcgcollege.com
Test Name : Number series_Level_1_Test_1
Test Duration : ['00', '00']
Start Time : 23/07/2023 09:58:59
End Time : 23/07/2023 09:59:12


email : 20cs008@kcgcollege.com
Test Name : Number series_Level_2_Test_1
Test Duration : ['30', '00']
Start Time : 23/07/2023 09:59:22
End Time : 23/07/2023 09:59:36


email : 20cs008@kcgcollege.com
Test Name : Theme Detection_Level_1_Test 1
Test Duration : ['20', '00']
Start Time : 23/07/2023 09:59:46
End Time : 23/07/2023 10:00:00


email : 20cs008@kcgcollege.com
Test Name : Sentence Improvement_Level_1_Test 1
Test Duration : ['20', '00']
Start Time : 23/07/2023 10:00:10
TEST ERROR : Ended at 23/07/2023 10:00:24


email : 20cs008@kcgcollege.com
Test Name : Number_Based_Problem_Level_2
Test Duration : ['02', '00', '00']
Start Time : 23/07/2023 10:00:33
End Time : 23/07/2023 10:00:47


email : 20cs008@kcgcollege.com
Test Name : Permutation_Combination_Level_1_Test_2
Test Duration : ['20', '00']
Start Time : 23/07/2023 10:00:57
End Time : 23/07/2023 10:01:11


email : 20cs008@kcgcollege.com
Test Name : Permutation and Combination_Level_2_test 1
Test Duration : ['20', '00']
Start Time : 23/07/2023 10:01:21
End Time : 23/07/2023 10:01:35


email : 20cs008@kcgcollege.com
Test Name : Permutation_and_Combination_Level_2_Test_2
Test Duration : ['20', '00']
Start Time : 23/07/2023 10:01:45
End Time : 23/07/2023 10:01:58


email : 20cs008@kcgcollege.com
Test Name : Venn Diagram_Level_2_Test 1
Test Duration : ['20', '00']
Start Time : 23/07/2023 10:02:09
End Time : 23/07/2023 10:02:22


email : 20cs008@kcgcollege.com
Test Name : Venn Diagram_Level_3_Test_1
Test Duration : ['20', '00']
Start Time : 23/07/2023 10:02:32
TEST ERROR : Ended at 23/07/2023 10:02:39


email : 20cs008@kcgcollege.com
Test Name : Seating Arrangement_Level_3_Test 1
Test Duration : ['20', '00']
Start Time : 23/07/2023 10:02:49
End Time : 23/07/2023 10:03:03


email : 20cs008@kcgcollege.com
Test Name : Seating Arrangement_Level_2_Test 1
Test Duration : ['20', '00']
Start Time : 23/07/2023 10:03:13
End Time : 23/07/2023 10:03:26


email : 20cs008@kcgcollege.com
Test Name : Jumbled Sentence_Level_3_Test 1
Test Duration : ['20', '00']
Start Time : 23/07/2023 10:03:36
End Time : 23/07/2023 10:03:50


email : 20cs008@kcgcollege.com
Test Name : Jumbled sentences_Level_2_test_1
Test Duration : ['20', '00']
Start Time : 23/07/2023 10:04:00
End Time : 23/07/2023 10:04:14


email : 20cs008@kcgcollege.com
Test Name : Number_Based_Problem_Level_1
Test Duration : ['02', '30', '00']
Start Time : 23/07/2023 10:04:24
End Time : 23/07/2023 10:04:38


email : 20cs008@kcgcollege.com
Test Name : Problems on Trains_Level_1_test 2
Test Duration : ['20', '00']
Start Time : 23/07/2023 10:04:47
End Time : 23/07/2023 10:05:01


email : 20cs008@kcgcollege.com
Test Name : Problems on Trains_Level_2_test 1
Test Duration : ['20', '00']
Start Time : 23/07/2023 10:05:11
End Time : 23/07/2023 10:05:25


email : 20cs008@kcgcollege.com
Test Name : Permutation and Combination_Level_1_test 1
Test Duration : ['20', '00']
Start Time : 23/07/2023 10:05:35
End Time : 23/07/2023 10:05:49


email : 20cs008@kcgcollege.com
Test Name : Logical Deduction_Level_1_Test 1
Test Duration : ['20', '00']
Start Time : 23/07/2023 10:05:58
End Time : 23/07/2023 10:06:12


email : 20cs008@kcgcollege.com
Test Name : Logical Deduction_Level_2_Test 1
Test Duration : ['20', '00']
Start Time : 23/07/2023 10:06:22
End Time : 23/07/2023 10:06:36


email : 20cs008@kcgcollege.com
Test Name : Logical Order_Level_1_Test 1
Test Duration : ['20', '00']
Start Time : 23/07/2023 10:06:46
End Time : 23/07/2023 10:07:00


email : 20cs008@kcgcollege.com
Test Name : Venn Diagram_Level_1_Test 1
Test Duration : ['20', '00']
Start Time : 23/07/2023 10:07:10
End Time : 23/07/2023 10:07:23


email : 20cs008@kcgcollege.com
Test Name : Jumbled sentences_Level_1_test_1
Test Duration : ['20', '00']
Start Time : 23/07/2023 10:07:34
End Time : 23/07/2023 10:07:47


email : 20cs008@kcgcollege.com
Test Name : Number_Based_Problem_Level_0
Test Duration : ['01', '30', '00']
Start Time : 23/07/2023 10:07:57
End Time : 23/07/2023 10:08:11


email : 20cs008@kcgcollege.com
Test Name : Averages_Level_3_Test 1
Test Duration : ['20', '00']
Start Time : 23/07/2023 10:08:21
TEST ERROR : Ended at 23/07/2023 10:08:34


email : 20cs008@kcgcollege.com
Test Name : Averages_Level_2_Test 1
Test Duration : ['20', '00']
Start Time : 23/07/2023 10:20:29

email : 20cs008@kcgcollege.com
Test Name : Averages_Level_2_Test 1
Test Duration : ['20', '00']
Start Time : 23/07/2023 10:22:04
End Time : 23/07/2023 10:22:19


email : 20cs008@kcgcollege.com
Test Name : Pattern Completion_Level_1_Test 1
Test Duration : ['20', '00']
Start Time : 23/07/2023 10:22:29
End Time : 23/07/2023 10:22:43


email : 20cs008@kcgcollege.com
Test Name : pattern completion_level_2_test 1
Test Duration : ['20', '00']
Start Time : 23/07/2023 10:22:52
End Time : 23/07/2023 10:23:06


email : 20cs008@kcgcollege.com
Test Name : Shape Construction_Level_1_Test 1
Test Duration : ['20', '00']
Start Time : 23/07/2023 10:23:16
End Time : 23/07/2023 10:23:30


email : 20cs008@kcgcollege.com
Test Name : Coding and Decoding_Level_1_Test 3
Test Duration : ['00', '00']
Start Time : 23/07/2023 10:23:40
End Time : 23/07/2023 10:23:54


email : 20cs008@kcgcollege.com
Test Name : Number_Crunching_Level_2
Test Duration : ['02', '00', '00']
Start Time : 23/07/2023 10:24:04
End Time : 23/07/2023 10:24:17


email : 20cs008@kcgcollege.com
Test Name : Boats and Streams_Level_1_test 2
Test Duration : ['20', '00']
Start Time : 23/07/2023 10:24:27
End Time : 23/07/2023 10:24:41


email : 20cs008@kcgcollege.com
Test Name : Boats and Streams_Level_2_test 1
Test Duration : ['20', '00']
Start Time : 23/07/2023 10:24:51
End Time : 23/07/2023 10:25:05


email : 20cs008@kcgcollege.com
Test Name : Problems on Ages_Level_2_test 1
Test Duration : ['20', '00']
Start Time : 23/07/2023 10:25:15
End Time : 23/07/2023 10:25:29


email : 20cs008@kcgcollege.com
Test Name : Critical Reasoning_Level_1_Test 1
Test Duration : ['20', '00']
Start Time : 23/07/2023 10:25:39
End Time : 23/07/2023 10:25:52


email : 20cs008@kcgcollege.com
Test Name : Critical Reasoning_Level_2_Test 1
Test Duration : ['20', '00']
Start Time : 23/07/2023 10:26:02
End Time : 23/07/2023 10:26:16


email : 20cs008@kcgcollege.com
Test Name : Figure Matrix_Level_1_Test 1
Test Duration : ['20', '00']
Start Time : 23/07/2023 10:26:26
End Time : 23/07/2023 10:26:40


email : 20cs008@kcgcollege.com
Test Name : Grouping Of Images_Level_1_Test 1
Test Duration : ['20', '00']
Start Time : 23/07/2023 10:26:50
End Time : 23/07/2023 10:27:03


email : 20cs008@kcgcollege.com
Test Name : Reading Comprehension_Level_1_Test 1
Test Duration : ['20', '00']
Start Time : 23/07/2023 10:27:13
End Time : 23/07/2023 10:27:27


email : 20cs008@kcgcollege.com
Test Name : Reading Comprehension_Level_3_Test 1
Test Duration : ['00', '00']
Start Time : 23/07/2023 10:27:37
TEST ERROR : Ended at 23/07/2023 10:27:44


email : 20cs008@kcgcollege.com
Test Name : Number_Crunching_Level_1
Test Duration : ['02', '00', '00']
Start Time : 23/07/2023 10:27:54
End Time : 23/07/2023 10:28:08


email : 20cs008@kcgcollege.com
Test Name : Time_Speed_Distance_Level_2_Test_1
Test Duration : ['20', '00']
Start Time : 23/07/2023 10:28:18
End Time : 23/07/2023 10:28:31


email : 20cs008@kcgcollege.com
Test Name : Problems on Trains_Level_1_test 1
Test Duration : ['20', '00']
Start Time : 23/07/2023 10:28:41
End Time : 23/07/2023 10:28:55


email : 20cs008@kcgcollege.com
Test Name : Blood Relation_Level_1_Test 1
Test Duration : ['20', '00']
Start Time : 23/07/2023 10:29:05
End Time : 23/07/2023 10:29:19


email : 20cs008@kcgcollege.com
Test Name : Blood Relation_Level_1_Test 2
Test Duration : ['20', '00']
Start Time : 23/07/2023 10:29:29
End Time : 23/07/2023 10:29:42


email : 20cs008@kcgcollege.com
Test Name : Blood Relation_Level_2_Test 1
Test Duration : ['20', '00']
Start Time : 23/07/2023 10:29:52
End Time : 23/07/2023 10:30:06


email : 20cs008@kcgcollege.com
Test Name : Blood Relation_Level_2_Test 2
Test Duration : ['20', '00']
Start Time : 23/07/2023 10:30:16
End Time : 23/07/2023 10:30:30


email : 20cs008@kcgcollege.com
Test Name : Passage and Inference_Level_1_Test 1
Test Duration : ['20', '00']
Start Time : 23/07/2023 10:30:40
End Time : 23/07/2023 10:30:54


email : 20cs008@kcgcollege.com
Test Name : Pattern_Level_3
Test Duration : ['00', '00']
Start Time : 23/07/2023 10:31:04
End Time : 23/07/2023 10:31:17


email : 20cs008@kcgcollege.com
Test Name : Pipes and Cistern_Level_1_Test 1
Test Duration : ['20', '00']
Start Time : 23/07/2023 10:31:27
TEST ERROR : Ended at 23/07/2023 10:31:41


email : 20cs008@kcgcollege.com
Test Name : Pipes and Cistern_Level_2_Test 1
Test Duration : ['20', '00']
Start Time : 23/07/2023 10:31:51
End Time : 23/07/2023 10:32:05


email : 20cs008@kcgcollege.com
Test Name : Time_Speed_Distance_Level_1_Test_1
Test Duration : ['20', '00']
Start Time : 23/07/2023 10:32:15
End Time : 23/07/2023 10:32:28


email : 20cs008@kcgcollege.com
Test Name : Direction Sense_Level_1_Test 1
Test Duration : ['20', '00']
Start Time : 23/07/2023 10:32:39
End Time : 23/07/2023 10:32:52


email : 20cs008@kcgcollege.com
Test Name : Direction Sense_Level_2_Test 1
Test Duration : ['20', '00']
Start Time : 23/07/2023 10:33:02
End Time : 23/07/2023 10:33:16


email : 20cs008@kcgcollege.com
Test Name : Coding and Decoding_Level_1_Test 1
Test Duration : ['20', '00']
Start Time : 23/07/2023 10:33:26
TEST ERROR : Ended at 23/07/2023 10:33:40


email : 20cs008@kcgcollege.com
Test Name : Coding and Decoding_Level_2_Test 1
Test Duration : ['20', '00']
Start Time : 23/07/2023 10:33:50
End Time : 23/07/2023 10:34:04


email : 20cs008@kcgcollege.com
Test Name : Selecting words_Level_1_Test 1
Test Duration : ['20', '00']
Start Time : 23/07/2023 10:34:14
End Time : 23/07/2023 10:34:27


email : 20cs008@kcgcollege.com
Test Name : Selecting words_Level_2_Test 1
Test Duration : ['00', '00']
Start Time : 23/07/2023 10:34:37
TEST ERROR : Ended at 23/07/2023 10:34:44


email : 20cs008@kcgcollege.com
Test Name : Pattern_Level_2
Test Duration : ['02', '30', '00']
Start Time : 23/07/2023 10:34:54
End Time : 23/07/2023 10:35:08


email : 20cs008@kcgcollege.com
Test Name : Time and Work_Level_1_Test 2
Test Duration : ['20', '00']
Start Time : 23/07/2023 10:35:18
End Time : 23/07/2023 10:35:31


email : 20cs008@kcgcollege.com
Test Name : Time and Work_Level_2_Test 1
Test Duration : ['20', '00']
Start Time : 23/07/2023 10:35:41
End Time : 23/07/2023 10:35:55


email : 20cs008@kcgcollege.com
Test Name : Time and Work_Level_2_Test 2
Test Duration : ['20', '00']
Start Time : 23/07/2023 10:36:05
End Time : 23/07/2023 10:36:19


email : 20cs008@kcgcollege.com
Test Name : Assertion and Reason_Level_1_Test 1
Test Duration : ['20', '00']
Start Time : 23/07/2023 10:36:29
End Time : 23/07/2023 10:36:42


email : 20cs008@kcgcollege.com
Test Name : Image Analysis_Level_1_Test 1
Test Duration : ['20', '00']
Start Time : 23/07/2023 10:36:52
End Time : 23/07/2023 10:37:06


email : 20cs008@kcgcollege.com
Test Name : Dot situations_Level_1_Test 1
Test Duration : ['20', '00']
Start Time : 23/07/2023 10:37:17
End Time : 23/07/2023 10:37:31


email : 20cs008@kcgcollege.com
Test Name : Embedded Image_Level_1_Test 1
Test Duration : ['20', '00']
Start Time : 23/07/2023 10:37:41
End Time : 23/07/2023 10:37:55


email : 20cs008@kcgcollege.com
Test Name : Looping_Level_2
Test Duration : ['01', '30', '00']
Start Time : 23/07/2023 10:38:16
End Time : 23/07/2023 10:38:29


email : 20cs008@kcgcollege.com
Test Name : Percentage_Level_1_Test_2
Test Duration : ['20', '00']
Start Time : 23/07/2023 10:38:39
End Time : 23/07/2023 10:38:53


email : 20cs008@kcgcollege.com
Test Name : Percentage_Lvel_2_Test_2
Test Duration : ['20', '00']
Start Time : 23/07/2023 10:39:03
End Time : 23/07/2023 10:39:17


email : 20cs008@kcgcollege.com
Test Name : Time and Work_Level_1_Test 1
Test Duration : ['20', '00']
Start Time : 23/07/2023 10:39:34
End Time : 23/07/2023 10:39:48


email : 20cs008@kcgcollege.com
Test Name : Puzzle_Level_3_Test 1
Test Duration : ['20', '00']
Start Time : 23/07/2023 10:39:57
End Time : 23/07/2023 10:40:11


email : 20cs008@kcgcollege.com
Test Name : Data Sufficiency_Level_2_Test 2
Test Duration : ['20', '00']
Start Time : 23/07/2023 10:40:21
End Time : 23/07/2023 10:40:35


email : 20cs008@kcgcollege.com
Test Name : Data Sufficiency_level_3_test_2
Test Duration : ['20', '00']
Start Time : 23/07/2023 10:40:45
End Time : 23/07/2023 10:40:59


email : 20cs008@kcgcollege.com
Test Name : Team formation_Level_1_Test 1
Test Duration : ['20', '00']
Start Time : 23/07/2023 10:41:08
End Time : 23/07/2023 10:41:22


email : 20cs008@kcgcollege.com
Test Name : Spotting Errors_Level_1_Test 2
Test Duration : ['00', '00']
Start Time : 23/07/2023 10:41:32
End Time : 23/07/2023 10:41:46


email : 20cs008@kcgcollege.com
Test Name : Spotting Errors_Level_2_Test 1
Test Duration : ['30', '00']
Start Time : 23/07/2023 10:41:56
End Time : 23/07/2023 10:42:10


email : 20cs008@kcgcollege.com
Test Name : Conditional_Statement_Level _2
Test Duration : ['01', '30', '00']
Start Time : 23/07/2023 10:42:20
End Time : 23/07/2023 10:42:33


email : 20cs008@kcgcollege.com
Test Name : Number system_Level_2_Test 1
Test Duration : ['20', '00']
Start Time : 23/07/2023 10:42:43
End Time : 23/07/2023 10:42:57


email : 20cs008@kcgcollege.com
Test Name : Number system_Level_3_Test 1
Test Duration : ['20', '00']
Start Time : 23/07/2023 10:43:07
End Time : 23/07/2023 10:43:21


email : 20cs008@kcgcollege.com
Test Name : HCF and LCM_Level_3_Test 1
Test Duration : ['20', '00']
Start Time : 23/07/2023 10:43:31
End Time : 23/07/2023 10:43:44


email : 20cs008@kcgcollege.com
Test Name : Syllogism_Level_3_Test_1
Test Duration : ['20', '00']
Start Time : 23/07/2023 10:43:54
End Time : 23/07/2023 10:44:08


email : 20cs008@kcgcollege.com
Test Name : Puzzle_level_1_test_1
Test Duration : ['00', '00']
Start Time : 23/07/2023 10:44:18
TEST ERROR : Ended at 23/07/2023 10:44:24


email : 20cs008@kcgcollege.com
Test Name : number puzzle_level_2_test 1
Test Duration : ['20', '00']
Start Time : 23/07/2023 10:44:34
End Time : 23/07/2023 10:44:48


email : 20cs008@kcgcollege.com
Test Name : character puzzle_level_2_test 1
Test Duration : ['20', '00']
Start Time : 23/07/2023 10:44:58
End Time : 23/07/2023 10:45:12


email : 20cs008@kcgcollege.com
Test Name : Sentence Completion_Level_2_Test 1
Test Duration : ['30', '00']
Start Time : 23/07/2023 10:45:22
End Time : 23/07/2023 10:45:35


email : 20cs008@kcgcollege.com
Test Name : Sentence Completion_Level_3_Test 1
Test Duration : ['20', '00']
Start Time : 23/07/2023 10:45:45
End Time : 23/07/2023 10:45:59


email : 20cs008@kcgcollege.com
Test Name : Basic_I/P_O/P_Level_3
Test Duration : ['01', '30', '00']
Start Time : 23/07/2023 10:46:09
End Time : 23/07/2023 10:46:23


email : 20cs008@kcgcollege.com
Test Name : Synonyms_Level_1_Test 2
Test Duration : ['20', '00']
Start Time : 23/07/2023 10:47:13
End Time : 23/07/2023 10:47:27

